{"level":"info","message":"monthly job started","timestamp":"2026-03-25T02:57:00.019Z"}
{"level":"info","message":"PDF report sent to 1160meetsathvara@gmail.com","timestamp":"2026-03-25T02:57:10.405Z"}
{"level":"info","message":"monthly job completed","timestamp":"2026-03-25T02:57:10.419Z"}
{"level":"info","message":"monthly job started","timestamp":"2026-03-25T03:18:00.029Z"}
{"level":"info","message":"monthly job completed","timestamp":"2026-03-25T03:18:09.912Z"}
{"level":"info","message":"monthly job started","timestamp":"2026-03-25T03:22:00.021Z"}
{"level":"info","message":"monthly job completed","timestamp":"2026-03-25T03:22:09.149Z"}
{"level":"info","message":"monthly job started","timestamp":"2026-03-25T03:33:00.032Z"}
{"level":"info","message":"monthly job completed","timestamp":"2026-03-25T03:33:10.194Z"}
{"level":"info","message":"weekly job started","timestamp":"2026-03-26T07:28:00.009Z"}
{"level":"info","message":"weekly job completed","timestamp":"2026-03-26T07:28:09.306Z"}
{"level":"info","message":"weekly job started","timestamp":"2026-03-26T07:30:00.011Z"}
{"level":"info","message":"weekly job completed","timestamp":"2026-03-26T07:30:08.333Z"}
{"level":"info","message":"weekly job started","timestamp":"2026-03-26T07:50:00.017Z"}
{"level":"info","message":"weekly job completed","timestamp":"2026-03-26T07:50:08.136Z"}
{"level":"info","message":"weekly job started","timestamp":"2026-03-27T07:09:00.014Z"}
{"level":"info","message":"weekly job completed","timestamp":"2026-03-27T07:09:09.841Z"}
{"level":"info","message":"weekly job started","timestamp":"2026-03-27T07:16:00.009Z"}
{"level":"info","message":"weekly job completed","timestamp":"2026-03-27T07:16:08.248Z"}
{"level":"info","message":"weekly job started","timestamp":"2026-03-27T07:20:00.010Z"}
{"level":"info","message":"weekly job completed","timestamp":"2026-03-27T07:20:08.418Z"}
{"level":"info","message":"weekly job started","timestamp":"2026-03-27T07:37:00.009Z"}
{"level":"info","message":"weekly job completed","timestamp":"2026-03-27T07:37:07.959Z"}
{"level":"info","message":"weekly job started","timestamp":"2026-03-27T09:02:00.008Z"}
{"level":"info","message":"weekly job completed","timestamp":"2026-03-27T09:02:08.671Z"}
{"level":"info","message":"weekly job started","timestamp":"2026-03-27T09:05:00.011Z"}
{"level":"info","message":"weekly job completed","timestamp":"2026-03-27T09:05:08.638Z"}
{"level":"info","message":"weekly job started","timestamp":"2026-03-27T09:21:00.011Z"}
{"level":"info","message":"weekly job completed","timestamp":"2026-03-27T09:21:15.737Z"}
{"level":"info","message":"monthly job started","timestamp":"2026-03-27T09:23:00.010Z"}
{"level":"info","message":"monthly job completed","timestamp":"2026-03-27T09:23:15.933Z"}
{"level":"info","message":"monthly job started","timestamp":"2026-03-27T09:28:00.007Z"}
{"level":"info","message":"monthly job completed","timestamp":"2026-03-27T09:28:08.180Z"}
{"level":"info","message":"monthly job started","timestamp":"2026-03-27T09:50:00.009Z"}
{"level":"info","message":"monthly job completed","timestamp":"2026-03-27T09:50:00.149Z"}
{"level":"info","message":"monthly job started","timestamp":"2026-04-09T06:48:00.014Z"}
{"level":"info","message":"monthly job completed","timestamp":"2026-04-09T06:48:00.128Z"}
{"level":"info","message":"monthly job started","timestamp":"2026-04-09T06:49:00.010Z"}
{"level":"info","message":"monthly job completed","timestamp":"2026-04-09T06:49:08.714Z"}
{"level":"info","message":"monthly job started","timestamp":"2026-04-09T06:50:00.007Z"}
{"level":"info","message":"monthly job completed","timestamp":"2026-04-09T06:50:08.477Z"}
{"level":"info","message":"monthly job started","timestamp":"2026-04-09T06:51:00.008Z"}
{"level":"info","message":"monthly job completed","timestamp":"2026-04-09T06:51:07.445Z"}
